FBN1/Marfan Phase 0 environment check
UTC: 2026-08-02T16:12:14.487908+00:00
Root: /home/harvey/research/fbn1-marfan

1. Directory scaffold
---------------------
  [WARN] scaffold: 1 directory(ies) were missing and have been created: handoff/structures

2. Python interpreter and packages
----------------------------------
  [PASS] python.version: 3.14.4 at /home/harvey/research/fbn1-marfan/.venv/bin/python
  [PASS] python.venv: /home/harvey/research/fbn1-marfan/.venv
  [PASS] import.pandas: pandas 3.0.5
  [PASS] import.numpy: numpy 2.5.1
  [PASS] import.scipy: scipy 1.18.0
  [PASS] import.requests: requests 2.34.2
  [PASS] import.Bio: biopython 1.87
  [PASS] import.biotite: biotite 1.7.1
  [PASS] import.prody: ProDy 2.6.1
  [PASS] import.freesasa: freesasa 2.2.1
  [PASS] import.matplotlib: matplotlib 3.11.1
  [PASS] import.seaborn: seaborn 0.13.2
  [PASS] import.statsmodels: statsmodels 0.14.6
  [PASS] import.dotenv: python-dotenv 1.2.2

3. Native structural tools
--------------------------
  [PASS] tool.pymol: 3.1.0 at /usr/bin/pymol
  [PASS] tool.mkdssp: mkdssp version 4.5.7 at /usr/bin/mkdssp
  [PASS] tool.foldx: FoldX 5.1 (c) at /home/harvey/.local/bin/foldx -> /home/harvey/tools/foldx/foldx_20261231
  [PASS] tool.foldx.molecules: /home/harvey/tools/foldx/molecules present (15 files)

4. Credentials (.env) — presence only, values never printed
-----------------------------------------------------------
  [PASS] env.file: .env present
  [PASS] env.NCBI_API_KEY: present (36 chars, value not shown)
  [PASS] env.NCBI_EMAIL: present (24 chars, value not shown)
  [PASS] env.gitignored: .env is git-ignored

5. AlphaMissense P35555 subset
------------------------------
  [PASS] am.file: AlphaMissense_FBN1_P35555.tsv (1,649,641 bytes, sha256 925b3d1a2f96fdf9…)
  [PASS] am.accession: all 54,568 rows are P35555
  [PASS] am.variant_parse: all protein_variant strings parse as <WT><pos><ALT>
  [PASS] am.positions: positions span 1–2871, matching P35555 length
  [PASS] am.duplicates: 0 duplicate protein_variant strings
  [WARN] am.wt_consistency: 1 position(s) carry >1 wild-type residue — pos 472 has WT in ['C', 'Y']. Phase 2 must resolve these by the WT-identity check against the P35555 sequence.
  [WARN] am.row_count: 54,568 rows vs 54,549 expected (2871 x 19); difference +19 explained by the multi-WT position(s) above
  [PASS] am.source_archive: full Zenodo archive present (1.21 GB) — subset is reproducible from it

6. Database connectivity (small live test queries)
--------------------------------------------------
  [PASS] db.uniprot: P35555 sequence length 2871 (expected 2871)
  [PASS] db.uniprot.seq_md5: f8f84ac9dc30f3ff640ad4f691fee2b1
  [PASS] db.ncbi_clinvar: esearch returned 13,501 ClinVar records for FBN1 (Gene ID 2200)
  [PASS] db.pdbe_sifts: 11 PDB entries mapped to P35555: 1APJ, 1EMN, 1EMO, 1LMJ, 1UZJ, 1UZK, 1UZP, 1UZQ, 2M74, 2W86, 5MS9
  [FAIL] db.alphafold: request failed: HTTPError: 404 Client Error: Not Found for url: https://alphafold.ebi.ac.uk/api/prediction/P35555
  [PASS] db.gnomad: GraphQL reachable; FBN1 = ENSG00000166147
  [WARN] db.variantvalidator: unreachable (ConnectionError) — Phase 2 will need it or Mutalyzer
  [PASS] db.alphafill: HTTP 200 from alphafill.eu (Phase 4 cross-check)

7. Literature folder inventory
------------------------------
  [PASS] papers.present: 14 PDF(s) in resources/papers/

8. Cross-check: AlphaMissense multi-WT positions vs P35555 sequence
-------------------------------------------------------------------
  [WARN] am.wt_vs_uniprot.472: P35555 residue 472 is Y — Phase 2 must keep only the AlphaMissense rows whose WT is Y

Summary
-------
  PASS 35   WARN 5   FAIL 1
    [WARN] scaffold: 1 directory(ies) were missing and have been created: handoff/structures
    [WARN] am.wt_consistency: 1 position(s) carry >1 wild-type residue — pos 472 has WT in ['C', 'Y']. Phase 2 must resolve these by the WT-identity check against the P35555 sequence.
    [WARN] am.row_count: 54,568 rows vs 54,549 expected (2871 x 19); difference +19 explained by the multi-WT position(s) above
    [FAIL] db.alphafold: request failed: HTTPError: 404 Client Error: Not Found for url: https://alphafold.ebi.ac.uk/api/prediction/P35555
    [WARN] db.variantvalidator: unreachable (ConnectionError) — Phase 2 will need it or Mutalyzer
    [WARN] am.wt_vs_uniprot.472: P35555 residue 472 is Y — Phase 2 must keep only the AlphaMissense rows whose WT is Y

Wrote manifest/tools.md
