Phase 6 — Figure 4 — seed 20260802
PyMOL 3.1.0
2W86 carries 254 covered variants, 30 pathogenic
  by mechanism: {'ca_ligand': 1, 'cys_removing': 8, 'other_cbegf': 0}, outside cbEGF: 11
cbEGF9 AF3 model 0: Ca deviation 0.134 A, backbone RMSD 0.337 A
  rendering fig4_A_fragment
    [pymol]  Setting: ray_opaque_background set to 1.
    [pymol]  Setting: antialias set to 2.
    [pymol]  Setting: ray_shadow set to off.
    [pymol]  Setting: specular set to 0.25000.
    [pymol]  Setting: cartoon_transparency set to 0.00000.
    [pymol]  Setting: cartoon_loop_radius set to 0.20000.
    [pymol]  Setting: cartoon_tube_radius set to 0.28000.
    [pymol]  Setting: stick_radius set to 0.11000.
    [pymol]  Setting: dash_gap set to 0.28000.
    [pymol]  Setting: dash_radius set to 0.03500.
    [pymol]  Setting: dash_color set to grey40.
    [pymol]  Setting: label_size set to 17.00000.
    [pymol]  Setting: label_color set to black.
    [pymol]  Setting: label_outline_color set to white.
    [pymol]  Setting: label_bg_color set to white.
    [pymol]  Setting: label_bg_transparency set to 0.25000.
    [pymol]  Setting: label_position set to [ 0.00000, 0.00000, 2.20000 ].
    [pymol]  Setting: label_font_id set to 7.
    [pymol]  Color: "pal_ca" defined as [ 0.106, 0.686, 0.478 ].
    [pymol]  Color: "pal_cys" defined as [ 0.290, 0.227, 0.655 ].
    [pymol]  Color: "pal_other" defined as [ 0.478, 0.478, 0.455 ].
    [pymol]  Color: "pal_af3" defined as [ 0.165, 0.471, 0.839 ].
    [pymol]  Color: "pal_exp" defined as [ 0.322, 0.318, 0.306 ].
    [pymol]  CmdLoad: "" loaded as "exp".
    [pymol]  Remove: eliminated 11 atoms in model "exp".
    [pymol]  Executive: Colored 1107 atoms.
    [pymol]  Executive: Colored 301 atoms.
    [pymol]  Executive: Colored 396 atoms.
    [pymol]  Executive: Colored 307 atoms.
    [pymol]  Executive: Colored 2 atoms.
    [pymol]  Executive: Colored 24 atoms.
    [pymol]  Selector: selection "ca9" defined with 1 atoms.
    [pymol]  Ray: render time: 0.57 sec. = 6312.1 frames/hour (0.57 sec. accum.).
    [pymol]  ScenePNG: wrote 1500x1350 pixel image to file "/home/harvey/research/fbn1-marfan/figures/panels/fig4_A_fragment.png".
    [pymol] PyMOL>bg_color white
    [pymol] PyMOL>set ray_opaque_background, 1
    [pymol] PyMOL>set antialias, 2
    [pymol] PyMOL>set ray_shadows, 0
    [pymol] PyMOL>set specular, 0.25
    [pymol] PyMOL>set cartoon_transparency, 0.0
    [pymol] PyMOL>set cartoon_loop_radius, 0.20
    [pymol] PyMOL>set cartoon_tube_radius, 0.28
    [pymol] PyMOL>set stick_radius, 0.11
    [pymol] PyMOL>set sphere_scale, 0.45, elem Ca
    [pymol] PyMOL>set dash_gap, 0.28
    [pymol] PyMOL>set dash_radius, 0.035
    [pymol] PyMOL>set dash_color, grey40
    [pymol] PyMOL>set label_size, 17
    [pymol] PyMOL>set label_color, black
    [pymol] PyMOL>set label_outline_color, white
    [pymol] PyMOL>set label_bg_color, white
    [pymol] PyMOL>set label_bg_transparency, 0.25
    [pymol] PyMOL>set label_position, (0, 0, 2.2)
    [pymol] PyMOL>set label_font_id, 7
    [pymol] PyMOL>set_color pal_ca,     [0.106, 0.686, 0.478]
    [pymol] PyMOL>set_color pal_cys,    [0.290, 0.227, 0.655]
    [pymol] PyMOL>set_color pal_other,  [0.478, 0.478, 0.455]
    [pymol] PyMOL>set_color pal_af3,    [0.165, 0.471, 0.839]
    [pymol] PyMOL>set_color pal_exp,    [0.322, 0.318, 0.306]
    [pymol] PyMOL>load /home/harvey/research/fbn1-marfan/handoff/cmm/inbox/EXP_2W86_cbEGF9-hyb2-cbEGF10.pdb, exp
    [pymol] PyMOL>remove exp and resi 805-806
    [pymol] PyMOL>hide everything
    [pymol] PyMOL>show cartoon, exp and polymer
    [pymol] PyMOL>color grey70, exp and polymer
    [pymol] PyMOL>color pal_other, exp and resi 807-846
    [pymol] PyMOL>color grey45,    exp and resi 851-902
    [pymol] PyMOL>color pal_other, exp and resi 910-951
    [pymol] PyMOL>show spheres, exp and elem Ca
    [pymol] PyMOL>color pal_ca, exp and elem Ca
    [pymol] PyMOL>show sticks, exp and resi 811+821+816+830+832+845+914+926+921+935+937+950 and sidechain
    [pymol] PyMOL>color pal_cys, exp and resi 811+821+816+830+832+845+914+926+921+935+937+950 and sidechain
    [pymol] PyMOL>select ca9, exp and elem Ca within 6 of (resi 807-846)
    [pymol] PyMOL>orient exp and polymer
    [pymol] PyMOL>turn x, -12
    [pymol] PyMOL>zoom exp and polymer, 2.0
    [pymol] PyMOL>ray 1500, 1350
    [pymol] PyMOL>png /home/harvey/research/fbn1-marfan/figures/panels/fig4_A_fragment.png, dpi=300
    [pymol] PyMOL>print("VIEW fig4_A_fragment", cmd.get_view())
    [pymol] VIEW fig4_A_fragment (0.254526287317276, 0.9571661949157715, 0.1380193531513214, -0.09348872303962708, 0.1664050817489624, -0.9816157817840576, -0.9625363945960999, 0.23694375157356262, 0.13183870911598206, 0.0, 0.0, -192.86231994628906, 17.64390754699707, 28.043216705322266, 58.182830810546875, 152.0541229248047, 233.67051696777344, -20.0)
  rendering fig4_B_casite
    [pymol]  Setting: ray_opaque_background set to 1.
    [pymol]  Setting: antialias set to 2.
    [pymol]  Setting: ray_shadow set to off.
    [pymol]  Setting: specular set to 0.25000.
    [pymol]  Setting: cartoon_transparency set to 0.00000.
    [pymol]  Setting: cartoon_loop_radius set to 0.20000.
    [pymol]  Setting: cartoon_tube_radius set to 0.28000.
    [pymol]  Setting: stick_radius set to 0.11000.
    [pymol]  Setting: dash_gap set to 0.28000.
    [pymol]  Setting: dash_radius set to 0.03500.
    [pymol]  Setting: dash_color set to grey40.
    [pymol]  Setting: label_size set to 17.00000.
    [pymol]  Setting: label_color set to black.
    [pymol]  Setting: label_outline_color set to white.
    [pymol]  Setting: label_bg_color set to white.
    [pymol]  Setting: label_bg_transparency set to 0.25000.
    [pymol]  Setting: label_position set to [ 0.00000, 0.00000, 2.20000 ].
    [pymol]  Setting: label_font_id set to 7.
    [pymol]  Color: "pal_ca" defined as [ 0.106, 0.686, 0.478 ].
    [pymol]  Color: "pal_cys" defined as [ 0.290, 0.227, 0.655 ].
    [pymol]  Color: "pal_other" defined as [ 0.478, 0.478, 0.455 ].
    [pymol]  Color: "pal_af3" defined as [ 0.165, 0.471, 0.839 ].
    [pymol]  Color: "pal_exp" defined as [ 0.322, 0.318, 0.306 ].
    [pymol]  CmdLoad: "" loaded as "exp".
    [pymol]  Remove: eliminated 11 atoms in model "exp".
    [pymol]  Selector: selection "ca9" defined with 0 atoms.
    [pymol]  Selector: selection "ca9" defined with 1 atoms.
    [pymol]  Executive: Colored 301 atoms.
    [pymol]  Setting: cartoon_transparency set to 0.55000 in object "exp".
    [pymol]  Executive: Colored 1 atom.
    [pymol]  Executive: Colored 13 atoms.
    [pymol]  Executive: Colored 12 atoms.
    [pymol]  Executive: object "d807" created.
    [pymol]  Executive: object "d810" created.
    [pymol]  Executive: object "d823" created.
    [pymol]  Executive: object "b808" created.
    [pymol]  Executive: object "b824" created.
    [pymol]  Executive: object "b827" created.
    [pymol]  Label: labelled 1 atoms.
    [pymol]  Label: labelled 1 atoms.
    [pymol]  Label: labelled 1 atoms.
    [pymol]  Label: labelled 1 atoms.
    [pymol]  Ray: render time: 0.43 sec. = 8372.1 frames/hour (0.43 sec. accum.).
    [pymol]  ScenePNG: wrote 1500x1350 pixel image to file "/home/harvey/research/fbn1-marfan/figures/panels/fig4_B_casite.png".
    [pymol] PyMOL>bg_color white
    [pymol] PyMOL>set ray_opaque_background, 1
    [pymol] PyMOL>set antialias, 2
    [pymol] PyMOL>set ray_shadows, 0
    [pymol] PyMOL>set specular, 0.25
    [pymol] PyMOL>set cartoon_transparency, 0.0
    [pymol] PyMOL>set cartoon_loop_radius, 0.20
    [pymol] PyMOL>set cartoon_tube_radius, 0.28
    [pymol] PyMOL>set stick_radius, 0.11
    [pymol] PyMOL>set sphere_scale, 0.45, elem Ca
    [pymol] PyMOL>set dash_gap, 0.28
    [pymol] PyMOL>set dash_radius, 0.035
    [pymol] PyMOL>set dash_color, grey40
    [pymol] PyMOL>set label_size, 17
    [pymol] PyMOL>set label_color, black
    [pymol] PyMOL>set label_outline_color, white
    [pymol] PyMOL>set label_bg_color, white
    [pymol] PyMOL>set label_bg_transparency, 0.25
    [pymol] PyMOL>set label_position, (0, 0, 2.2)
    [pymol] PyMOL>set label_font_id, 7
    [pymol] PyMOL>set_color pal_ca,     [0.106, 0.686, 0.478]
    [pymol] PyMOL>set_color pal_cys,    [0.290, 0.227, 0.655]
    [pymol] PyMOL>set_color pal_other,  [0.478, 0.478, 0.455]
    [pymol] PyMOL>set_color pal_af3,    [0.165, 0.471, 0.839]
    [pymol] PyMOL>set_color pal_exp,    [0.322, 0.318, 0.306]
    [pymol] PyMOL>load /home/harvey/research/fbn1-marfan/handoff/cmm/inbox/EXP_2W86_cbEGF9-hyb2-cbEGF10.pdb, exp
    [pymol] PyMOL>remove exp and resi 805-806
    [pymol] PyMOL>hide everything
    [pymol] PyMOL>select ca9, exp and elem Ca and (byres (exp and resi 807-846)) around 8
    [pymol] PyMOL>select ca9, exp and elem Ca within 8 of (exp and resi 807-846)
    [pymol] PyMOL>show cartoon, exp and resi 807-846
    [pymol] PyMOL>color grey80, exp and resi 807-846
    [pymol] PyMOL>set cartoon_transparency, 0.55, exp
    [pymol] PyMOL>show spheres, ca9
    [pymol] PyMOL>color pal_ca, ca9
    [pymol] PyMOL>show sticks, exp and resi 807+810+823 and (sidechain or name CA)
    [pymol] PyMOL>color pal_ca, exp and resi 807+810+823 and elem C
    [pymol] PyMOL>show sticks, exp and resi 808+824+827 and name C+O+CA
    [pymol] PyMOL>color grey40, exp and resi 808+824+827 and elem C
    [pymol] PyMOL>distance d807, (exp and resi 807 and sidechain and (elem O+N)), (ca9), 3.2, 0
    [pymol] PyMOL>distance d810, (exp and resi 810 and sidechain and (elem O+N)), (ca9), 3.2, 0
    [pymol] PyMOL>distance d823, (exp and resi 823 and sidechain and (elem O+N)), (ca9), 3.2, 0
    [pymol] PyMOL>distance b808, (exp and resi 808 and name O), (ca9), 3.4, 0
    [pymol] PyMOL>distance b824, (exp and resi 824 and name O), (ca9), 3.4, 0
    [pymol] PyMOL>distance b827, (exp and resi 827 and name O), (ca9), 3.4, 0
    [pymol] PyMOL>label exp and resi 807 and name CB, "Asp807"
    [pymol] PyMOL>label exp and resi 810 and name CB, "Glu810"
    [pymol] PyMOL>label exp and resi 823 and name CB, "Asn823"
    [pymol] PyMOL>label ca9, "Ca2+"
    [pymol] PyMOL>orient ca9 expand 9
    [pymol] PyMOL>turn y, 25
    [pymol] PyMOL>zoom ca9, 7.5
    [pymol] PyMOL>ray 1500, 1350
    [pymol] PyMOL>png /home/harvey/research/fbn1-marfan/figures/panels/fig4_B_casite.png, dpi=300
    [pymol] PyMOL>print("VIEW fig4_B_casite", cmd.get_view())
    [pymol] VIEW fig4_B_casite (0.32749253511428833, -0.8008822798728943, 0.5013344287872314, 0.45810386538505554, 0.5986469388008118, 0.6570864915847778, -0.8263712525367737, 0.014472338370978832, 0.5629396438598633, 0.0, 0.0, -42.53462219238281, 19.697999954223633, 30.968002319335938, 31.011001586914062, 33.53462219238281, 51.53462219238281, -20.0)
  rendering fig4_C_af3_overlay
    [pymol]  Setting: ray_opaque_background set to 1.
    [pymol]  Setting: antialias set to 2.
    [pymol]  Setting: ray_shadow set to off.
    [pymol]  Setting: specular set to 0.25000.
    [pymol]  Setting: cartoon_transparency set to 0.00000.
    [pymol]  Setting: cartoon_loop_radius set to 0.20000.
    [pymol]  Setting: cartoon_tube_radius set to 0.28000.
    [pymol]  Setting: stick_radius set to 0.11000.
    [pymol]  Setting: dash_gap set to 0.28000.
    [pymol]  Setting: dash_radius set to 0.03500.
    [pymol]  Setting: dash_color set to grey40.
    [pymol]  Setting: label_size set to 17.00000.
    [pymol]  Setting: label_color set to black.
    [pymol]  Setting: label_outline_color set to white.
    [pymol]  Setting: label_bg_color set to white.
    [pymol]  Setting: label_bg_transparency set to 0.25000.
    [pymol]  Setting: label_position set to [ 0.00000, 0.00000, 2.20000 ].
    [pymol]  Setting: label_font_id set to 7.
    [pymol]  Color: "pal_ca" defined as [ 0.106, 0.686, 0.478 ].
    [pymol]  Color: "pal_cys" defined as [ 0.290, 0.227, 0.655 ].
    [pymol]  Color: "pal_other" defined as [ 0.478, 0.478, 0.455 ].
    [pymol]  Color: "pal_af3" defined as [ 0.165, 0.471, 0.839 ].
    [pymol]  Color: "pal_exp" defined as [ 0.322, 0.318, 0.306 ].
    [pymol]  CmdLoad: "" loaded as "exp".
    [pymol]  Remove: eliminated 11 atoms in model "exp".
    [pymol]  CmdLoad: "" loaded as "af3".
    [pymol]  Selector: selection "exp9" defined with 301 atoms.
    [pymol]  Selector: selection "af39" defined with 288 atoms.
    [pymol]  Match: read scoring matrix.
    [pymol]  Match: assigning 40 x 40 pairwise scores.
    [pymol]  MatchAlign: aligning residues (40 vs 40)...
    [pymol]  MatchAlign: score 224.000
    [pymol]  ExecutiveAlign: 160 atoms aligned.
    [pymol]  ExecutiveRMS: 6 atoms rejected during cycle 1 (RMSD=0.35).
    [pymol]  ExecutiveRMS: 4 atoms rejected during cycle 2 (RMSD=0.31).
    [pymol]  ExecutiveRMS: 4 atoms rejected during cycle 3 (RMSD=0.29).
    [pymol]  ExecutiveRMS: 2 atoms rejected during cycle 4 (RMSD=0.27).
    [pymol]  ExecutiveRMS: 1 atoms rejected during cycle 5 (RMSD=0.27).
    [pymol]  Executive: RMSD =    0.263 (143 to 143 atoms)
    [pymol]  Executive: Colored 301 atoms.
    [pymol]  Executive: Colored 288 atoms.
    [pymol]  Selector: selection "caE" defined with 1 atoms.
    [pymol]  Selector: selection "caA" defined with 1 atoms.
    [pymol]  Executive: Colored 1 atom.
    [pymol]  Executive: Colored 1 atom.
    [pymol]  Setting: sphere_scale set for 1 atoms in object "exp".
    [pymol]  Setting: sphere_scale set for 1 atoms in object "af3".
    [pymol]  Executive: object "dev" created.
    [pymol]  Setting: dash_color set to black in object "dev".
    [pymol]  Setting: dash_radius set to 0.06000 in object "dev".
    [pymol]  Ray: render time: 0.52 sec. = 6875.5 frames/hour (0.52 sec. accum.).
    [pymol]  ScenePNG: wrote 1500x1350 pixel image to file "/home/harvey/research/fbn1-marfan/figures/panels/fig4_C_af3_overlay.png".
    [pymol] PyMOL>bg_color white
    [pymol] PyMOL>set ray_opaque_background, 1
    [pymol] PyMOL>set antialias, 2
    [pymol] PyMOL>set ray_shadows, 0
    [pymol] PyMOL>set specular, 0.25
    [pymol] PyMOL>set cartoon_transparency, 0.0
    [pymol] PyMOL>set cartoon_loop_radius, 0.20
    [pymol] PyMOL>set cartoon_tube_radius, 0.28
    [pymol] PyMOL>set stick_radius, 0.11
    [pymol] PyMOL>set sphere_scale, 0.45, elem Ca
    [pymol] PyMOL>set dash_gap, 0.28
    [pymol] PyMOL>set dash_radius, 0.035
    [pymol] PyMOL>set dash_color, grey40
    [pymol] PyMOL>set label_size, 17
    [pymol] PyMOL>set label_color, black
    [pymol] PyMOL>set label_outline_color, white
    [pymol] PyMOL>set label_bg_color, white
    [pymol] PyMOL>set label_bg_transparency, 0.25
    [pymol] PyMOL>set label_position, (0, 0, 2.2)
    [pymol] PyMOL>set label_font_id, 7
    [pymol] PyMOL>set_color pal_ca,     [0.106, 0.686, 0.478]
    [pymol] PyMOL>set_color pal_cys,    [0.290, 0.227, 0.655]
    [pymol] PyMOL>set_color pal_other,  [0.478, 0.478, 0.455]
    [pymol] PyMOL>set_color pal_af3,    [0.165, 0.471, 0.839]
    [pymol] PyMOL>set_color pal_exp,    [0.322, 0.318, 0.306]
    [pymol] PyMOL>load /home/harvey/research/fbn1-marfan/handoff/cmm/inbox/EXP_2W86_cbEGF9-hyb2-cbEGF10.pdb, exp
    [pymol] PyMOL>remove exp and resi 805-806
    [pymol] PyMOL>hide everything
    [pymol] PyMOL>load /home/harvey/research/fbn1-marfan/handoff/cmm/inbox/AF3_cbEGF9-hyb2-cbEGF10_model0.pdb, af3
    [pymol] PyMOL>hide everything
    [pymol] PyMOL>select exp9, exp and resi 807-846
    [pymol] PyMOL>select af39, af3 and resi 807-846
    [pymol] PyMOL>align af39 and name CA+C+N+O, exp9 and name CA+C+N+O
    [pymol] PyMOL>show cartoon, exp9
    [pymol] PyMOL>show cartoon, af39
    [pymol] PyMOL>color pal_exp, exp9
    [pymol] PyMOL>color pal_af3, af39
    [pymol] PyMOL>select caE, exp and elem Ca within 8 of exp9
    [pymol] PyMOL>select caA, af3 and elem Ca within 8 of af39
    [pymol] PyMOL>show spheres, caE
    [pymol] PyMOL>show spheres, caA
    [pymol] PyMOL>color pal_exp, caE
    [pymol] PyMOL>color pal_af3, caA
    [pymol] PyMOL>set sphere_scale, 0.40, caE
    [pymol] PyMOL>set sphere_scale, 0.40, caA
    [pymol] PyMOL>distance dev, caE, caA, 4.0, 0
    [pymol] PyMOL>set dash_color, black, dev
    [pymol] PyMOL>set dash_radius, 0.06, dev
    [pymol] PyMOL>orient exp9
    [pymol] PyMOL>turn y, 25
    [pymol] PyMOL>zoom caE, 9.0
    [pymol] PyMOL>ray 1500, 1350
    [pymol] PyMOL>png /home/harvey/research/fbn1-marfan/figures/panels/fig4_C_af3_overlay.png, dpi=300
    [pymol] PyMOL>print("VIEW fig4_C_af3_overlay", cmd.get_view())
    [pymol] VIEW fig4_C_af3_overlay (-0.11727878451347351, 0.04398997128009796, -0.9921242594718933, -0.5454338788986206, 0.8320016860961914, 0.10136587917804718, 0.8299081921577454, 0.5530262589454651, -0.07358253002166748, 0.0, 0.0, -51.041542053222656, 19.697999954223633, 30.968002319335938, 31.011001586914062, 40.241539001464844, 61.84154510498047, -20.0)
  rendering fig4_D_variants
    [pymol]  Setting: ray_opaque_background set to 1.
    [pymol]  Setting: antialias set to 2.
    [pymol]  Setting: ray_shadow set to off.
    [pymol]  Setting: specular set to 0.25000.
    [pymol]  Setting: cartoon_transparency set to 0.00000.
    [pymol]  Setting: cartoon_loop_radius set to 0.20000.
    [pymol]  Setting: cartoon_tube_radius set to 0.28000.
    [pymol]  Setting: stick_radius set to 0.11000.
    [pymol]  Setting: dash_gap set to 0.28000.
    [pymol]  Setting: dash_radius set to 0.03500.
    [pymol]  Setting: dash_color set to grey40.
    [pymol]  Setting: label_size set to 17.00000.
    [pymol]  Setting: label_color set to black.
    [pymol]  Setting: label_outline_color set to white.
    [pymol]  Setting: label_bg_color set to white.
    [pymol]  Setting: label_bg_transparency set to 0.25000.
    [pymol]  Setting: label_position set to [ 0.00000, 0.00000, 2.20000 ].
    [pymol]  Setting: label_font_id set to 7.
    [pymol]  Color: "pal_ca" defined as [ 0.106, 0.686, 0.478 ].
    [pymol]  Color: "pal_cys" defined as [ 0.290, 0.227, 0.655 ].
    [pymol]  Color: "pal_other" defined as [ 0.478, 0.478, 0.455 ].
    [pymol]  Color: "pal_af3" defined as [ 0.165, 0.471, 0.839 ].
    [pymol]  Color: "pal_exp" defined as [ 0.322, 0.318, 0.306 ].
    [pymol]  CmdLoad: "" loaded as "exp".
    [pymol]  Remove: eliminated 11 atoms in model "exp".
    [pymol]  Executive: Colored 1107 atoms.
    [pymol]  Executive: Colored 2 atoms.
    [pymol]  Setting: sphere_scale set for 2 atoms in object "exp".
    [pymol]  Executive: Colored 8 atoms.
    [pymol]  Executive: Colored 1 atom.
    [pymol]  Executive: Colored 11 atoms.
    [pymol]  Setting: sphere_scale set for 154 atoms in object "exp".
    [pymol]  Ray: render time: 0.57 sec. = 6286.8 frames/hour (0.57 sec. accum.).
    [pymol]  ScenePNG: wrote 1500x1350 pixel image to file "/home/harvey/research/fbn1-marfan/figures/panels/fig4_D_variants.png".
    [pymol] PyMOL>bg_color white
    [pymol] PyMOL>set ray_opaque_background, 1
    [pymol] PyMOL>set antialias, 2
    [pymol] PyMOL>set ray_shadows, 0
    [pymol] PyMOL>set specular, 0.25
    [pymol] PyMOL>set cartoon_transparency, 0.0
    [pymol] PyMOL>set cartoon_loop_radius, 0.20
    [pymol] PyMOL>set cartoon_tube_radius, 0.28
    [pymol] PyMOL>set stick_radius, 0.11
    [pymol] PyMOL>set sphere_scale, 0.45, elem Ca
    [pymol] PyMOL>set dash_gap, 0.28
    [pymol] PyMOL>set dash_radius, 0.035
    [pymol] PyMOL>set dash_color, grey40
    [pymol] PyMOL>set label_size, 17
    [pymol] PyMOL>set label_color, black
    [pymol] PyMOL>set label_outline_color, white
    [pymol] PyMOL>set label_bg_color, white
    [pymol] PyMOL>set label_bg_transparency, 0.25
    [pymol] PyMOL>set label_position, (0, 0, 2.2)
    [pymol] PyMOL>set label_font_id, 7
    [pymol] PyMOL>set_color pal_ca,     [0.106, 0.686, 0.478]
    [pymol] PyMOL>set_color pal_cys,    [0.290, 0.227, 0.655]
    [pymol] PyMOL>set_color pal_other,  [0.478, 0.478, 0.455]
    [pymol] PyMOL>set_color pal_af3,    [0.165, 0.471, 0.839]
    [pymol] PyMOL>set_color pal_exp,    [0.322, 0.318, 0.306]
    [pymol] PyMOL>load /home/harvey/research/fbn1-marfan/handoff/cmm/inbox/EXP_2W86_cbEGF9-hyb2-cbEGF10.pdb, exp
    [pymol] PyMOL>remove exp and resi 805-806
    [pymol] PyMOL>hide everything
    [pymol] PyMOL>show cartoon, exp and polymer
    [pymol] PyMOL>color grey85, exp and polymer
    [pymol] PyMOL>show spheres, exp and elem Ca
    [pymol] PyMOL>color pal_ca, exp and elem Ca
    [pymol] PyMOL>set sphere_scale, 0.35, elem Ca
    [pymol] PyMOL>show spheres, exp and resi 811+816+830+832+914+921+926+937 and name CA
    [pymol] PyMOL>color pal_cys, exp and resi 811+816+830+832+914+921+926+937 and name CA
    [pymol] PyMOL>show spheres, exp and resi 913 and name CA
    [pymol] PyMOL>color pal_ca,  exp and resi 913 and name CA
    [pymol] PyMOL>show spheres, exp and resi 853+862+875+876+880+882+883+884+887+890+908 and name CA
    [pymol] PyMOL>color grey40,  exp and resi 853+862+875+876+880+882+883+884+887+890+908 and name CA
    [pymol] PyMOL>set sphere_scale, 0.85, name CA
    [pymol] PyMOL>orient exp and polymer
    [pymol] PyMOL>turn x, -12
    [pymol] PyMOL>zoom exp and polymer, 2.0
    [pymol] PyMOL>ray 1500, 1350
    [pymol] PyMOL>png /home/harvey/research/fbn1-marfan/figures/panels/fig4_D_variants.png, dpi=300
    [pymol] PyMOL>print("VIEW fig4_D_variants", cmd.get_view())
    [pymol] VIEW fig4_D_variants (0.254526287317276, 0.9571661949157715, 0.1380193531513214, -0.09348872303962708, 0.1664050817489624, -0.9816157817840576, -0.9625363945960999, 0.23694375157356262, 0.13183870911598206, 0.0, 0.0, -192.86231994628906, 17.64390754699707, 28.043216705322266, 58.182830810546875, 152.0541229248047, 233.67051696777344, -20.0)
