AF3 requests, batches 2 and 3 — 2026-08-09T05:56:33.091875+00:00
  source uniprot_P35555_v264.json; 43 cbEGF domains; sequence MD5 f8f84ac9dc30f3ff640ad4f691fee2b1

Batch 2 — tandem constructs covering all 43 cbEGF domains
  FBN1_cbEGF1-3_Ca3              246-529    284 aa  3 Ca  cbEGF 1,2,3
  FBN1_cbEGF3-5_Ca3              490-612    123 aa  3 Ca  cbEGF 3,4,5
  FBN1_cbEGF5-7_Ca3              572-764    193 aa  3 Ca  cbEGF 5,6,7
  FBN1_cbEGF7-9_Ca3              723-846    124 aa  3 Ca  cbEGF 7,8,9
  FBN1_cbEGF9-11_Ca3             807-1069   263 aa  3 Ca  cbEGF 9,10,11
  FBN1_cbEGF11-13_Ca3           1028-1154   127 aa  3 Ca  cbEGF 11,12,13
  FBN1_cbEGF13-15_Ca3           1113-1237   125 aa  3 Ca  cbEGF 13,14,15
  FBN1_cbEGF15-17_Ca3           1197-1321   125 aa  3 Ca  cbEGF 15,16,17
  FBN1_cbEGF17-19_Ca3           1280-1403   124 aa  3 Ca  cbEGF 17,18,19
  FBN1_cbEGF19-21_Ca3           1363-1486   124 aa  3 Ca  cbEGF 19,20,21
  FBN1_cbEGF21-23_Ca3           1446-1647   202 aa  3 Ca  cbEGF 21,22,23
  FBN1_cbEGF23-25_Ca3           1606-1807   202 aa  3 Ca  cbEGF 23,24,25
  FBN1_cbEGF25-27_Ca3           1766-1890   125 aa  3 Ca  cbEGF 25,26,27
  FBN1_cbEGF27-29_Ca3           1849-1972   124 aa  3 Ca  cbEGF 27,28,29
  FBN1_cbEGF29-31_Ca3           1930-2054   125 aa  3 Ca  cbEGF 29,30,31
  FBN1_cbEGF31-33_Ca3           2013-2205   193 aa  3 Ca  cbEGF 31,32,33
  FBN1_cbEGF33-35_Ca3           2166-2290   125 aa  3 Ca  cbEGF 33,34,35
  FBN1_cbEGF35-37_Ca3           2247-2443   197 aa  3 Ca  cbEGF 35,36,37
  FBN1_cbEGF37-39_Ca3           2402-2523   122 aa  3 Ca  cbEGF 37,38,39
  FBN1_cbEGF39-41_Ca3           2485-2606   122 aa  3 Ca  cbEGF 39,40,41
  FBN1_cbEGF41-43_Ca3           2567-2687   121 aa  3 Ca  cbEGF 41,42,43
  21 jobs; longest 284 aa (FBN1_cbEGF1-3_Ca3)
  all 43 cbEGF domains covered; every domain except cbEGF1 appears with its N-terminal neighbour

Batch 3 — mutant cofolding on calibrated constructs
  FBN1_cbEGF32-33_N2144S_Ca2             N2144S  ref 1EMN
  FBN1_cbEGF32-33_N2183S_Ca2             N2183S  ref 1EMN
  FBN1_cbEGF32-33_E2130K_Ca2             E2130K  ref 1EMN
  FBN1_cbEGF12-13_D1113G_Ca2             D1113G  ref 1LMJ
  FBN1_cbEGF12-13_E1073K_Ca2             E1073K  ref 1LMJ
  FBN1_cbEGF22-TB4-cbEGF23_D1487G_Ca2    D1487G  ref 1UZJ
  FBN1_cbEGF9-hyb2-cbEGF10_E913K_Ca2     E913K  ref 2W86
  FBN1_cbEGF12-13_C1138F_Ca2             C1138F  ref 1LMJ
  FBN1_cbEGF12-13_P1141L_Ca2             P1141L  ref 1LMJ
  9 mutant jobs

