Phase 4/5 — AF3 batch 2 site inventory — 2026-08-09T16:34:28.627697+00:00
  3.2 A shell; R0(Ca-O)=1.967, R0(Ca-N)=2.14, b=0.37

reference P35555: 2871 aa

Validation and site inventory
  FBN1_cbEGF1-3_Ca3          OK  284 aa  cbEGF 1,2,3    pLDDT 74.2  sites 3
  FBN1_cbEGF3-5_Ca3          OK  123 aa  cbEGF 3,4,5    pLDDT 94.3  sites 3
  FBN1_cbEGF5-7_Ca3          OK  193 aa  cbEGF 5,6,7    pLDDT 90.9  sites 3
  FBN1_cbEGF7-9_Ca3          OK  124 aa  cbEGF 7,8,9    pLDDT 95.9  sites 3
  FBN1_cbEGF9-11_Ca3         OK  263 aa  cbEGF 9,10,11  pLDDT 90.0  sites 3  [calibration overlap: 2W86 (cbEGF9-hyb2-cbEGF10)]
  FBN1_cbEGF11-13_Ca3        OK  127 aa  cbEGF 11,12,13 pLDDT 92.8  sites 3  [calibration overlap: 1LMJ (cbEGF12-13)]
  FBN1_cbEGF13-15_Ca3        OK  125 aa  cbEGF 13,14,15 pLDDT 95.9  sites 3
  FBN1_cbEGF15-17_Ca3        OK  125 aa  cbEGF 15,16,17 pLDDT 94.6  sites 3
  FBN1_cbEGF17-19_Ca3        OK  124 aa  cbEGF 17,18,19 pLDDT 95.7  sites 3
  FBN1_cbEGF19-21_Ca3        OK  124 aa  cbEGF 19,20,21 pLDDT 95.3  sites 3
  FBN1_cbEGF21-23_Ca3        OK  202 aa  cbEGF 21,22,23 pLDDT 93.9  sites 3  [calibration overlap: 1UZJ (cbEGF22-TB4-cbEGF23)]
  FBN1_cbEGF23-25_Ca3        OK  202 aa  cbEGF 23,24,25 pLDDT 94.0  sites 3
  FBN1_cbEGF25-27_Ca3        OK  125 aa  cbEGF 25,26,27 pLDDT 95.5  sites 3
  FBN1_cbEGF27-29_Ca3        OK  124 aa  cbEGF 27,28,29 pLDDT 95.1  sites 3
  FBN1_cbEGF29-31_Ca3        OK  125 aa  cbEGF 29,30,31 pLDDT 92.6  sites 3
  FBN1_cbEGF31-33_Ca3        OK  193 aa  cbEGF 31,32,33 pLDDT 91.0  sites 3  [calibration overlap: 1EMN/1EMO (cbEGF32-33)]
  FBN1_cbEGF33-35_Ca3        OK  125 aa  cbEGF 33,34,35 pLDDT 92.7  sites 3
  FBN1_cbEGF35-37_Ca3        OK  197 aa  cbEGF 35,36,37 pLDDT 91.9  sites 3
  FBN1_cbEGF37-39_Ca3        OK  122 aa  cbEGF 37,38,39 pLDDT 94.2  sites 3
  FBN1_cbEGF39-41_Ca3        OK  122 aa  cbEGF 39,40,41 pLDDT 89.1  sites 3
  FBN1_cbEGF41-43_Ca3        OK  121 aa  cbEGF 41,42,43 pLDDT 87.2  sites 3

21 constructs validated, 0 failed
wrote data/processed/af3_ca_sites.tsv  (63 rows)
wrote data/processed/af3_ca_ligands.tsv  (404 rows)

  63 calcium sites across 21 constructs
  BVS median 1.80 (range 1.41-2.19)
  seed spread median 2.7% of valence (range 0.4-39.2%)
  404 coordinating atoms; 215 side-chain, 189 backbone
  249 distinct P35555 positions coordinate a calcium
wrote results/phase5_af3_batch2.md
