Supplementary Figure S2 — v2_fig8_structure
PyMOL 3.1.0
2W86 fragment 807-951: 30 pathogenic variants at 20 positions (1 Ca ligand, 15 cysteine, 4 other)
  rendering v2_fig8_structure_a_fragment
    [pymol]  Setting: ray_opaque_background set to 1.
    [pymol]  Setting: antialias set to 2.
    [pymol]  Setting: ray_shadow set to off.
    [pymol]  Setting: specular set to 0.25000.
    [pymol]  Setting: cartoon_transparency set to 0.00000.
    [pymol]  Setting: cartoon_loop_radius set to 0.20000.
    [pymol]  Setting: cartoon_tube_radius set to 0.28000.
    [pymol]  Setting: stick_radius set to 0.11000.
    [pymol]  Setting: dash_gap set to 0.28000.
    [pymol]  Setting: dash_radius set to 0.03500.
    [pymol]  Setting: dash_color set to grey40.
    [pymol]  Setting: label_size set to 17.00000.
    [pymol]  Setting: label_color set to black.
    [pymol]  Setting: label_outline_color set to white.
    [pymol]  Setting: label_bg_color set to white.
    [pymol]  Setting: label_bg_transparency set to 0.25000.
    [pymol]  Setting: label_position set to [ 0.00000, 0.00000, 2.20000 ].
    [pymol]  Setting: label_font_id set to 7.
    [pymol]  Color: "pal_ca" defined as [ 0.122, 0.361, 0.620 ].
    [pymol]  Color: "pal_cys" defined as [ 0.722, 0.525, 0.043 ].
    [pymol]  Color: "pal_other" defined as [ 0.710, 0.710, 0.710 ].
    [pymol]  Color: "pal_af3" defined as [ 0.435, 0.435, 0.435 ].
    [pymol]  Color: "pal_exp" defined as [ 0.239, 0.239, 0.239 ].
    [pymol]  Color: "pal_outside" defined as [ 0.541, 0.541, 0.541 ].
    [pymol]  CmdLoad: "" loaded as "exp".
    [pymol]  Remove: eliminated 11 atoms in model "exp".
    [pymol]  Selector: selection "exp9" defined with 301 atoms.
    [pymol]  Selector: selection "exphy" defined with 396 atoms.
    [pymol]  Selector: selection "exp10" defined with 307 atoms.
    [pymol]  Executive: Colored 1107 atoms.
    [pymol]  Executive: Colored 301 atoms.
    [pymol]  Executive: Colored 396 atoms.
    [pymol]  Executive: Colored 307 atoms.
    [pymol]  Setting: stick_radius set for 66 bonds in object "exp".
    [pymol]  Executive: Colored 12 atoms.
    [pymol]  Executive: Colored 36 atoms.
    [pymol]  Executive: Colored 2 atoms.
    [pymol]  Ray: render time: 0.54 sec. = 6695.9 frames/hour (0.54 sec. accum.).
    [pymol]  ScenePNG: wrote 1500x1350 pixel image to file "/home/harvey/research/fbn1-marfan/figures/panels/v2_fig8_structure_a_fragment.png".
    [pymol] PyMOL>bg_color white
    [pymol] PyMOL>set ray_opaque_background, 1
    [pymol] PyMOL>set antialias, 2
    [pymol] PyMOL>set ray_shadows, 0
    [pymol] PyMOL>set specular, 0.25
    [pymol] PyMOL>set cartoon_transparency, 0.0
    [pymol] PyMOL>set cartoon_loop_radius, 0.20
    [pymol] PyMOL>set cartoon_tube_radius, 0.28
    [pymol] PyMOL>set stick_radius, 0.11
    [pymol] PyMOL>set sphere_scale, 0.45, elem Ca
    [pymol] PyMOL>set dash_gap, 0.28
    [pymol] PyMOL>set dash_radius, 0.035
    [pymol] PyMOL>set dash_color, grey40
    [pymol] PyMOL>set label_size, 17
    [pymol] PyMOL>set label_color, black
    [pymol] PyMOL>set label_outline_color, white
    [pymol] PyMOL>set label_bg_color, white
    [pymol] PyMOL>set label_bg_transparency, 0.25
    [pymol] PyMOL>set label_position, (0, 0, 2.2)
    [pymol] PyMOL>set label_font_id, 7
    [pymol] PyMOL>set_color pal_ca,     [0.122, 0.361, 0.620]
    [pymol] PyMOL>set_color pal_cys,    [0.722, 0.525, 0.043]
    [pymol] PyMOL>set_color pal_other,  [0.710, 0.710, 0.710]
    [pymol] PyMOL>set_color pal_af3,    [0.435, 0.435, 0.435]
    [pymol] PyMOL>set_color pal_exp,    [0.239, 0.239, 0.239]
    [pymol] PyMOL>set_color pal_outside,[0.541, 0.541, 0.541]
    [pymol] PyMOL>load /home/harvey/research/fbn1-marfan/handoff/cmm/inbox/EXP_2W86_cbEGF9-hyb2-cbEGF10.pdb, exp
    [pymol] PyMOL>remove exp and resi 805-806
    [pymol] PyMOL>remove exp and solvent
    [pymol] PyMOL>hide everything
    [pymol] PyMOL>select exp9,  exp and resi 807-846
    [pymol] PyMOL>select exphy, exp and resi 851-902
    [pymol] PyMOL>select exp10, exp and resi 910-951
    [pymol] PyMOL>show cartoon, exp and polymer
    [pymol]  Error: Unknown color.
    [pymol] PyMOL>color grey70,    exp and polymer
    [pymol] PyMOL>color pal_af3,   exp9
    [pymol] PyMOL>color pal_other, exphy
    [pymol] PyMOL>color pal_af3,   exp10
    [pymol] PyMOL>show sticks, exp and resi 811+821+816+830+832+845+914+926+921+935+937+950 and not name N+C+O
    [pymol] PyMOL>set stick_radius, 0.17, exp and resi 811+821+816+830+832+845+914+926+921+935+937+950
    [pymol] PyMOL>color pal_cys, exp and resi 811+821+816+830+832+845+914+926+921+935+937+950 and elem S
    [pymol] PyMOL>color pal_cys, exp and resi 811+821+816+830+832+845+914+926+921+935+937+950 and elem C
    [pymol] PyMOL>show spheres, exp and elem Ca
    [pymol] PyMOL>color pal_ca, exp and elem Ca
    [pymol] PyMOL>orient exp and polymer
    [pymol] PyMOL>turn x, -10
    [pymol] PyMOL>zoom exp and polymer, 1.0
    [pymol] PyMOL>ray 1500, 1350
    [pymol] PyMOL>png /home/harvey/research/fbn1-marfan/figures/panels/v2_fig8_structure_a_fragment.png, dpi=300
    [pymol] PyMOL>print("VIEW v2_fig8_structure_a_fragment", cmd.get_view())
    [pymol] VIEW v2_fig8_structure_a_fragment (0.254526287317276, 0.9517661929130554, 0.17133988440036774, -0.09348872303962708, 0.20056159794330597, -0.9752103090286255, -0.9625363945960999, 0.23219828307628632, 0.14002759754657745, 0.0, 0.0, -187.19102478027344, 17.64390754699707, 28.043216705322266, 58.182830810546875, 147.58282470703125, 226.79922485351562, -20.0)
    cropped to 1316x659 px
  rendering v2_fig8_structure_b_casite
    [pymol]  Setting: ray_opaque_background set to 1.
    [pymol]  Setting: antialias set to 2.
    [pymol]  Setting: ray_shadow set to off.
    [pymol]  Setting: specular set to 0.25000.
    [pymol]  Setting: cartoon_transparency set to 0.00000.
    [pymol]  Setting: cartoon_loop_radius set to 0.20000.
    [pymol]  Setting: cartoon_tube_radius set to 0.28000.
    [pymol]  Setting: stick_radius set to 0.11000.
    [pymol]  Setting: dash_gap set to 0.28000.
    [pymol]  Setting: dash_radius set to 0.03500.
    [pymol]  Setting: dash_color set to grey40.
    [pymol]  Setting: label_size set to 17.00000.
    [pymol]  Setting: label_color set to black.
    [pymol]  Setting: label_outline_color set to white.
    [pymol]  Setting: label_bg_color set to white.
    [pymol]  Setting: label_bg_transparency set to 0.25000.
    [pymol]  Setting: label_position set to [ 0.00000, 0.00000, 2.20000 ].
    [pymol]  Setting: label_font_id set to 7.
    [pymol]  Color: "pal_ca" defined as [ 0.122, 0.361, 0.620 ].
    [pymol]  Color: "pal_cys" defined as [ 0.722, 0.525, 0.043 ].
    [pymol]  Color: "pal_other" defined as [ 0.710, 0.710, 0.710 ].
    [pymol]  Color: "pal_af3" defined as [ 0.435, 0.435, 0.435 ].
    [pymol]  Color: "pal_exp" defined as [ 0.239, 0.239, 0.239 ].
    [pymol]  Color: "pal_outside" defined as [ 0.541, 0.541, 0.541 ].
    [pymol]  CmdLoad: "" loaded as "exp".
    [pymol]  Remove: eliminated 11 atoms in model "exp".
    [pymol]  Selector: selection "exp9" defined with 301 atoms.
    [pymol]  Selector: selection "exphy" defined with 396 atoms.
    [pymol]  Selector: selection "exp10" defined with 307 atoms.
    [pymol]  Selector: selection "ca9" defined with 1 atoms.
    [pymol]  Selector: selection "site9" defined with 120 atoms.
    [pymol]  Setting: cartoon_transparency set for 120 atoms in object "exp".
    [pymol]  Executive: Colored 120 atoms.
    [pymol]  Executive: Colored 8 atoms.
    [pymol]  Executive: Colored 13 atoms.
    [pymol]  Executive: Colored 6 atoms.
    [pymol]  Executive: Colored 1 atom.
    [pymol]  Setting: sphere_scale set for 1 atoms in object "exp".
    [pymol]  Executive: object "d_side" created.
    [pymol]  Executive: object "d_back" created.
    [pymol]  Label: labelled 1 atoms.
    [pymol]  Label: labelled 1 atoms.
    [pymol]  Label: labelled 1 atoms.
    [pymol]  Label: labelled 1 atoms.
    [pymol]  Label: labelled 1 atoms.
    [pymol]  Label: labelled 1 atoms.
    [pymol]  Setting: label_position set for 8 atoms in object "exp".
    [pymol]  Setting: label_position set for 6 atoms in object "exp".
    [pymol]  Setting: label_size set to 15.00000.
    [pymol]  Ray: render time: 0.58 sec. = 6238.9 frames/hour (0.58 sec. accum.).
    [pymol]  ScenePNG: wrote 1500x1350 pixel image to file "/home/harvey/research/fbn1-marfan/figures/panels/v2_fig8_structure_b_casite.png".
    [pymol] PyMOL>bg_color white
    [pymol] PyMOL>set ray_opaque_background, 1
    [pymol] PyMOL>set antialias, 2
    [pymol] PyMOL>set ray_shadows, 0
    [pymol] PyMOL>set specular, 0.25
    [pymol] PyMOL>set cartoon_transparency, 0.0
    [pymol] PyMOL>set cartoon_loop_radius, 0.20
    [pymol] PyMOL>set cartoon_tube_radius, 0.28
    [pymol] PyMOL>set stick_radius, 0.11
    [pymol] PyMOL>set sphere_scale, 0.45, elem Ca
    [pymol] PyMOL>set dash_gap, 0.28
    [pymol] PyMOL>set dash_radius, 0.035
    [pymol] PyMOL>set dash_color, grey40
    [pymol] PyMOL>set label_size, 17
    [pymol] PyMOL>set label_color, black
    [pymol] PyMOL>set label_outline_color, white
    [pymol] PyMOL>set label_bg_color, white
    [pymol] PyMOL>set label_bg_transparency, 0.25
    [pymol] PyMOL>set label_position, (0, 0, 2.2)
    [pymol] PyMOL>set label_font_id, 7
    [pymol] PyMOL>set_color pal_ca,     [0.122, 0.361, 0.620]
    [pymol] PyMOL>set_color pal_cys,    [0.722, 0.525, 0.043]
    [pymol] PyMOL>set_color pal_other,  [0.710, 0.710, 0.710]
    [pymol] PyMOL>set_color pal_af3,    [0.435, 0.435, 0.435]
    [pymol] PyMOL>set_color pal_exp,    [0.239, 0.239, 0.239]
    [pymol] PyMOL>set_color pal_outside,[0.541, 0.541, 0.541]
    [pymol] PyMOL>load /home/harvey/research/fbn1-marfan/handoff/cmm/inbox/EXP_2W86_cbEGF9-hyb2-cbEGF10.pdb, exp
    [pymol] PyMOL>remove exp and resi 805-806
    [pymol] PyMOL>remove exp and solvent
    [pymol] PyMOL>hide everything
    [pymol] PyMOL>select exp9,  exp and resi 807-846
    [pymol] PyMOL>select exphy, exp and resi 851-902
    [pymol] PyMOL>select exp10, exp and resi 910-951
    [pymol] PyMOL>select ca9, exp and elem Ca within 6 of (exp9 and name CA)
    [pymol] PyMOL>select site9, byres (exp9 within 9.5 of ca9)
    [pymol] PyMOL>show cartoon, site9
    [pymol] PyMOL>set cartoon_transparency, 0.55, site9
    [pymol] PyMOL>color grey80, site9
    [pymol] PyMOL>show sticks, exp and resi 807+810+823 and sidechain
    [pymol] PyMOL>color pal_ca, exp and resi 807+810+823 and elem O
    [pymol] PyMOL>color grey50, exp and resi 807+810+823 and elem C
    [pymol] PyMOL>show sticks, exp and resi 808+824+827 and name C+O
    [pymol] PyMOL>color grey60, exp and resi 808+824+827 and name C+O
    [pymol] PyMOL>show spheres, ca9
    [pymol] PyMOL>color pal_ca, ca9
    [pymol] PyMOL>set sphere_scale, 0.22, ca9
    [pymol] PyMOL>distance d_side, ca9, (exp and resi 807+810+823 and sidechain and elem O), 3.2
    [pymol] PyMOL>distance d_back, ca9, (exp and resi 808+824+827 and name O), 3.2
    [pymol] PyMOL>hide labels, d_side
    [pymol] PyMOL>hide labels, d_back
    [pymol] PyMOL>label exp and resi 807 and name CB, "Asp807"
    [pymol] PyMOL>label exp and resi 810 and name CB, "Glu810"
    [pymol] PyMOL>label exp and resi 823 and name CB, "Asn823"
    [pymol] PyMOL>label exp and resi 808 and name O, "Ile808"
    [pymol] PyMOL>label exp and resi 824 and name O, "Ser824"
    [pymol] PyMOL>label exp and resi 827 and name O, "Ser827"
    [pymol]   File "toplevel", line 1
    [pymol]     nudge them apart rather
    [pymol]           ^^^^
    [pymol] SyntaxError: invalid syntax
    [pymol] PyMOL>set label_position, (-1.6, -1.9, 2.2), exp and resi 823
    [pymol] PyMOL>set label_position, ( 1.9,  1.2, 2.2), exp and resi 827
    [pymol] PyMOL>set label_size, 15
    [pymol] PyMOL>orient site9
    [pymol] PyMOL>turn y, 15
    [pymol] PyMOL>turn x, 8
    [pymol] PyMOL>center ca9
    [pymol] PyMOL>zoom ca9, 6.2
    [pymol] PyMOL>ray 1500, 1350
    [pymol] PyMOL>png /home/harvey/research/fbn1-marfan/figures/panels/v2_fig8_structure_b_casite.png, dpi=300
    [pymol] PyMOL>print("VIEW v2_fig8_structure_b_casite", cmd.get_view())
    [pymol] VIEW v2_fig8_structure_b_casite (0.34211212396621704, -0.8896098732948303, 0.30257827043533325, 0.18705973029136658, 0.3800409436225891, 0.9058573842048645, -0.9208517670631409, -0.2533046007156372, 0.29642677307128906, 0.0, 0.0, -35.16194534301758, 19.697999954223633, 30.968000411987305, 31.01099967956543, 27.721946716308594, 42.60194396972656, -20.0)
    cropped to 1279x1197 px
  rendering v2_fig8_structure_c_variants
    [pymol]  Setting: ray_opaque_background set to 1.
    [pymol]  Setting: antialias set to 2.
    [pymol]  Setting: ray_shadow set to off.
    [pymol]  Setting: specular set to 0.25000.
    [pymol]  Setting: cartoon_transparency set to 0.00000.
    [pymol]  Setting: cartoon_loop_radius set to 0.20000.
    [pymol]  Setting: cartoon_tube_radius set to 0.28000.
    [pymol]  Setting: stick_radius set to 0.11000.
    [pymol]  Setting: dash_gap set to 0.28000.
    [pymol]  Setting: dash_radius set to 0.03500.
    [pymol]  Setting: dash_color set to grey40.
    [pymol]  Setting: label_size set to 17.00000.
    [pymol]  Setting: label_color set to black.
    [pymol]  Setting: label_outline_color set to white.
    [pymol]  Setting: label_bg_color set to white.
    [pymol]  Setting: label_bg_transparency set to 0.25000.
    [pymol]  Setting: label_position set to [ 0.00000, 0.00000, 2.20000 ].
    [pymol]  Setting: label_font_id set to 7.
    [pymol]  Color: "pal_ca" defined as [ 0.122, 0.361, 0.620 ].
    [pymol]  Color: "pal_cys" defined as [ 0.722, 0.525, 0.043 ].
    [pymol]  Color: "pal_other" defined as [ 0.710, 0.710, 0.710 ].
    [pymol]  Color: "pal_af3" defined as [ 0.435, 0.435, 0.435 ].
    [pymol]  Color: "pal_exp" defined as [ 0.239, 0.239, 0.239 ].
    [pymol]  Color: "pal_outside" defined as [ 0.541, 0.541, 0.541 ].
    [pymol]  CmdLoad: "" loaded as "exp".
    [pymol]  Remove: eliminated 11 atoms in model "exp".
    [pymol]  Selector: selection "exp9" defined with 301 atoms.
    [pymol]  Selector: selection "exphy" defined with 396 atoms.
    [pymol]  Selector: selection "exp10" defined with 307 atoms.
    [pymol]  Executive: Colored 1107 atoms.
    [pymol]  Executive: Colored 2 atoms.
    [pymol]  Setting: sphere_scale set for 2 atoms in object "exp".
    [pymol]  Executive: Colored 4 atoms.
    [pymol]  Executive: Colored 15 atoms.
    [pymol]  Executive: Colored 1 atom.
    [pymol]  Setting: sphere_scale set for 154 atoms in object "exp".
    [pymol]  Ray: render time: 0.48 sec. = 7554.3 frames/hour (0.48 sec. accum.).
    [pymol]  ScenePNG: wrote 1500x1350 pixel image to file "/home/harvey/research/fbn1-marfan/figures/panels/v2_fig8_structure_c_variants.png".
    [pymol] PyMOL>bg_color white
    [pymol] PyMOL>set ray_opaque_background, 1
    [pymol] PyMOL>set antialias, 2
    [pymol] PyMOL>set ray_shadows, 0
    [pymol] PyMOL>set specular, 0.25
    [pymol] PyMOL>set cartoon_transparency, 0.0
    [pymol] PyMOL>set cartoon_loop_radius, 0.20
    [pymol] PyMOL>set cartoon_tube_radius, 0.28
    [pymol] PyMOL>set stick_radius, 0.11
    [pymol] PyMOL>set sphere_scale, 0.45, elem Ca
    [pymol] PyMOL>set dash_gap, 0.28
    [pymol] PyMOL>set dash_radius, 0.035
    [pymol] PyMOL>set dash_color, grey40
    [pymol] PyMOL>set label_size, 17
    [pymol] PyMOL>set label_color, black
    [pymol] PyMOL>set label_outline_color, white
    [pymol] PyMOL>set label_bg_color, white
    [pymol] PyMOL>set label_bg_transparency, 0.25
    [pymol] PyMOL>set label_position, (0, 0, 2.2)
    [pymol] PyMOL>set label_font_id, 7
    [pymol] PyMOL>set_color pal_ca,     [0.122, 0.361, 0.620]
    [pymol] PyMOL>set_color pal_cys,    [0.722, 0.525, 0.043]
    [pymol] PyMOL>set_color pal_other,  [0.710, 0.710, 0.710]
    [pymol] PyMOL>set_color pal_af3,    [0.435, 0.435, 0.435]
    [pymol] PyMOL>set_color pal_exp,    [0.239, 0.239, 0.239]
    [pymol] PyMOL>set_color pal_outside,[0.541, 0.541, 0.541]
    [pymol] PyMOL>load /home/harvey/research/fbn1-marfan/handoff/cmm/inbox/EXP_2W86_cbEGF9-hyb2-cbEGF10.pdb, exp
    [pymol] PyMOL>remove exp and resi 805-806
    [pymol] PyMOL>remove exp and solvent
    [pymol] PyMOL>hide everything
    [pymol] PyMOL>select exp9,  exp and resi 807-846
    [pymol] PyMOL>select exphy, exp and resi 851-902
    [pymol] PyMOL>select exp10, exp and resi 910-951
    [pymol] PyMOL>show cartoon, exp and polymer
    [pymol] PyMOL>color grey85, exp and polymer
    [pymol] PyMOL>show spheres, exp and elem Ca
    [pymol] PyMOL>color pal_ca, exp and elem Ca
    [pymol] PyMOL>set sphere_scale, 0.35, elem Ca
    [pymol] PyMOL>show spheres, exp and resi 880+882+883+884 and name CA
    [pymol] PyMOL>color pal_outside, exp and resi 880+882+883+884 and name CA
    [pymol] PyMOL>show spheres, exp and resi 811+816+830+832+853+862+875+876+887+890+908+914+921+926+937 and name CA
    [pymol] PyMOL>color pal_cys, exp and resi 811+816+830+832+853+862+875+876+887+890+908+914+921+926+937 and name CA
    [pymol] PyMOL>show spheres, exp and resi 913 and name CA
    [pymol] PyMOL>color pal_ca, exp and resi 913 and name CA
    [pymol] PyMOL>set sphere_scale, 0.85, name CA
    [pymol] PyMOL>orient exp and polymer
    [pymol] PyMOL>turn x, -10
    [pymol] PyMOL>zoom exp and polymer, 1.0
    [pymol] PyMOL>ray 1500, 1350
    [pymol] PyMOL>png /home/harvey/research/fbn1-marfan/figures/panels/v2_fig8_structure_c_variants.png, dpi=300
    [pymol] PyMOL>print("VIEW v2_fig8_structure_c_variants", cmd.get_view())
    [pymol] VIEW v2_fig8_structure_c_variants (0.254526287317276, 0.9517661929130554, 0.17133988440036774, -0.09348872303962708, 0.20056159794330597, -0.9752103090286255, -0.9625363945960999, 0.23219828307628632, 0.14002759754657745, 0.0, 0.0, -187.19102478027344, 17.64390754699707, 28.043216705322266, 58.182830810546875, 147.58282470703125, 226.79922485351562, -20.0)
    cropped to 1316x659 px
